
> frontend@0.0.0 dev
> vite --port 8004 --clearScreen false


  VITE v6.4.1  ready in 716 ms

  ➜  Local:   http://localhost:8004/
  ➜  Network: use --host to expose
1:13:55 AM [vite] (client) page reload README.md
1:13:55 AM [vite] (client) page reload eslint.config.js
1:13:55 AM [vite] (client) page reload index.html
1:13:55 AM [vite] (client) page reload package.json
1:13:55 AM [vite] (client) hmr update /src/index.css
1:13:55 AM [vite] (client) hmr update /src/App.tsx, /src/index.css
1:13:55 AM [vite] (client) page reload src/GlobalErrorBoundary.tsx
1:13:55 AM [vite] (client) hmr update /src/index.css
1:13:55 AM [vite] (client) hmr update /src/features/screening/Dashboard.tsx, /src/index.css
1:13:55 AM [vite] (client) hmr update /src/features/screening/StockTable.tsx, /src/index.css
1:13:55 AM [vite] (client) hmr update /src/features/shared/Header.tsx, /src/index.css
1:13:55 AM [vite] (client) hmr update /src/features/shared/Sidebar.tsx, /src/index.css
1:13:55 AM [vite] (client) hmr update /src/index.css
1:13:55 AM [vite] (client) page reload src/main.tsx
1:13:55 AM [vite] (client) page reload src/services/api.ts
1:13:55 AM [vite] (client) page reload src/store/useStockStore.ts
1:13:55 AM [vite] (client) page reload src/types.ts
1:13:55 AM [vite] (client) page reload src/vite-env.d.ts
1:13:55 AM [vite] changed tsconfig file detected: /Users/ishu.guptathoughtworks.com/IdeaProjects/stock_picker/frontend/tsconfig.app.json - Clearing cache and forcing full-reload to ensure TypeScript is compiled with updated config values.
1:13:55 AM [vite] (client) page reload tsconfig.app.json
1:13:55 AM [vite] changed tsconfig file detected: /Users/ishu.guptathoughtworks.com/IdeaProjects/stock_picker/frontend/tsconfig.json - Clearing cache and forcing full-reload to ensure TypeScript is compiled with updated config values.
1:13:55 AM [vite] (client) page reload tsconfig.json
1:13:55 AM [vite] (client) page reload tsconfig.node.json
1:13:55 AM [vite] vite.config.ts changed, restarting server...
1:13:56 AM [vite] server restarted.
